20:40:13 **** Build of configuration Debug for project 5_HSEM_OpenAMP_CM7 ****
make -j12 all 
arm-none-eabi-gcc "../OPENAMP/mbox_hsem.c" -mcpu=cortex-m7 -std=gnu11 -g3 -DDEBUG -DCORE_CM7 -DUSE_HAL_DRIVER -DSTM32H755xx -DMETAL_INTERNAL -DMETAL_MAX_DEVICE_REGIONS=2 -DRPMSG_BUFFER_SIZE=512 -DVIRTIO_MASTER_ONLY -DNO_ATOMIC_64_SUPPORT -c -I../OPENAMP -I../Core/Inc -I../../Middlewares/Third_Party/OpenAMP/open-amp/lib/include -I../../Middlewares/Third_Party/OpenAMP/libmetal/lib/include -I../../Middlewares/Third_Party/OpenAMP/libmetal/lib/include/metal/compiler/mdk-arm -I../../Middlewares/Third_Party/OpenAMP/open-amp/lib/rpmsg -I../../Drivers/STM32H7xx_HAL_Driver/Inc -I../../Drivers/STM32H7xx_HAL_Driver/Inc/Legacy -I../../Drivers/CMSIS/Device/ST/STM32H7xx/Include -I../../Drivers/CMSIS/Include -O0 -ffunction-sections -fdata-sections -Wall -fstack-usage -MMD -MP -MF"OPENAMP/mbox_hsem.d" -MT"OPENAMP/mbox_hsem.o" --specs=nano.specs -mfpu=fpv5-d16 -mfloat-abi=hard -mthumb -o "OPENAMP/mbox_hsem.o"
arm-none-eabi-gcc "../OPENAMP/openamp.c" -mcpu=cortex-m7 -std=gnu11 -g3 -DDEBUG -DCORE_CM7 -DUSE_HAL_DRIVER -DSTM32H755xx -DMETAL_INTERNAL -DMETAL_MAX_DEVICE_REGIONS=2 -DRPMSG_BUFFER_SIZE=512 -DVIRTIO_MASTER_ONLY -DNO_ATOMIC_64_SUPPORT -c -I../OPENAMP -I../Core/Inc -I../../Middlewares/Third_Party/OpenAMP/open-amp/lib/include -I../../Middlewares/Third_Party/OpenAMP/libmetal/lib/include -I../../Middlewares/Third_Party/OpenAMP/libmetal/lib/include/metal/compiler/mdk-arm -I../../Middlewares/Third_Party/OpenAMP/open-amp/lib/rpmsg -I../../Drivers/STM32H7xx_HAL_Driver/Inc -I../../Drivers/STM32H7xx_HAL_Driver/Inc/Legacy -I../../Drivers/CMSIS/Device/ST/STM32H7xx/Include -I../../Drivers/CMSIS/Include -O0 -ffunction-sections -fdata-sections -Wall -fstack-usage -MMD -MP -MF"OPENAMP/openamp.d" -MT"OPENAMP/openamp.o" --specs=nano.specs -mfpu=fpv5-d16 -mfloat-abi=hard -mthumb -o "OPENAMP/openamp.o"
arm-none-eabi-gcc "../OPENAMP/rsc_table.c" -mcpu=cortex-m7 -std=gnu11 -g3 -DDEBUG -DCORE_CM7 -DUSE_HAL_DRIVER -DSTM32H755xx -DMETAL_INTERNAL -DMETAL_MAX_DEVICE_REGIONS=2 -DRPMSG_BUFFER_SIZE=512 -DVIRTIO_MASTER_ONLY -DNO_ATOMIC_64_SUPPORT -c -I../OPENAMP -I../Core/Inc -I../../Middlewares/Third_Party/OpenAMP/open-amp/lib/include -I../../Middlewares/Third_Party/OpenAMP/libmetal/lib/include -I../../Middlewares/Third_Party/OpenAMP/libmetal/lib/include/metal/compiler/mdk-arm -I../../Middlewares/Third_Party/OpenAMP/open-amp/lib/rpmsg -I../../Drivers/STM32H7xx_HAL_Driver/Inc -I../../Drivers/STM32H7xx_HAL_Driver/Inc/Legacy -I../../Drivers/CMSIS/Device/ST/STM32H7xx/Include -I../../Drivers/CMSIS/Include -O0 -ffunction-sections -fdata-sections -Wall -fstack-usage -MMD -MP -MF"OPENAMP/rsc_table.d" -MT"OPENAMP/rsc_table.o" --specs=nano.specs -mfpu=fpv5-d16 -mfloat-abi=hard -mthumb -o "OPENAMP/rsc_table.o"
arm-none-eabi-gcc "C:/Ad_Docs/embedded_sys/multicore/5_HSEM_OpenAMP/Middlewares/Third_Party/OpenAMP/libmetal/lib/system/generic/condition.c" -mcpu=cortex-m7 -std=gnu11 -g3 -DDEBUG -DCORE_CM7 -DUSE_HAL_DRIVER -DSTM32H755xx -DMETAL_INTERNAL -DMETAL_MAX_DEVICE_REGIONS=2 -DRPMSG_BUFFER_SIZE=512 -DVIRTIO_MASTER_ONLY -DNO_ATOMIC_64_SUPPORT -c -I../OPENAMP -I../Core/Inc -I../../Middlewares/Third_Party/OpenAMP/open-amp/lib/include -I../../Middlewares/Third_Party/OpenAMP/libmetal/lib/include -I../../Middlewares/Third_Party/OpenAMP/libmetal/lib/include/metal/compiler/mdk-arm -I../../Middlewares/Third_Party/OpenAMP/open-amp/lib/rpmsg -I../../Drivers/STM32H7xx_HAL_Driver/Inc -I../../Drivers/STM32H7xx_HAL_Driver/Inc/Legacy -I../../Drivers/CMSIS/Device/ST/STM32H7xx/Include -I../../Drivers/CMSIS/Include -O0 -ffunction-sections -fdata-sections -Wall -fstack-usage -MMD -MP -MF"Middlewares/Third_Party/OpenAMP/condition.d" -MT"Middlewares/Third_Party/OpenAMP/condition.o" --specs=nano.specs -mfpu=fpv5-d16 -mfloat-abi=hard -mthumb -o "Middlewares/Third_Party/OpenAMP/condition.o"
arm-none-eabi-gcc "C:/Ad_Docs/embedded_sys/multicore/5_HSEM_OpenAMP/Middlewares/Third_Party/OpenAMP/libmetal/lib/device.c" -mcpu=cortex-m7 -std=gnu11 -g3 -DDEBUG -DCORE_CM7 -DUSE_HAL_DRIVER -DSTM32H755xx -DMETAL_INTERNAL -DMETAL_MAX_DEVICE_REGIONS=2 -DRPMSG_BUFFER_SIZE=512 -DVIRTIO_MASTER_ONLY -DNO_ATOMIC_64_SUPPORT -c -I../OPENAMP -I../Core/Inc -I../../Middlewares/Third_Party/OpenAMP/open-amp/lib/include -I../../Middlewares/Third_Party/OpenAMP/libmetal/lib/include -I../../Middlewares/Third_Party/OpenAMP/libmetal/lib/include/metal/compiler/mdk-arm -I../../Middlewares/Third_Party/OpenAMP/open-amp/lib/rpmsg -I../../Drivers/STM32H7xx_HAL_Driver/Inc -I../../Drivers/STM32H7xx_HAL_Driver/Inc/Legacy -I../../Drivers/CMSIS/Device/ST/STM32H7xx/Include -I../../Drivers/CMSIS/Include -O0 -ffunction-sections -fdata-sections -Wall -fstack-usage -MMD -MP -MF"Middlewares/Third_Party/OpenAMP/device.d" -MT"Middlewares/Third_Party/OpenAMP/device.o" --specs=nano.specs -mfpu=fpv5-d16 -mfloat-abi=hard -mthumb -o "Middlewares/Third_Party/OpenAMP/device.o"
arm-none-eabi-gcc "C:/Ad_Docs/embedded_sys/multicore/5_HSEM_OpenAMP/Middlewares/Third_Party/OpenAMP/libmetal/lib/system/generic/generic_device.c" -mcpu=cortex-m7 -std=gnu11 -g3 -DDEBUG -DCORE_CM7 -DUSE_HAL_DRIVER -DSTM32H755xx -DMETAL_INTERNAL -DMETAL_MAX_DEVICE_REGIONS=2 -DRPMSG_BUFFER_SIZE=512 -DVIRTIO_MASTER_ONLY -DNO_ATOMIC_64_SUPPORT -c -I../OPENAMP -I../Core/Inc -I../../Middlewares/Third_Party/OpenAMP/open-amp/lib/include -I../../Middlewares/Third_Party/OpenAMP/libmetal/lib/include -I../../Middlewares/Third_Party/OpenAMP/libmetal/lib/include/metal/compiler/mdk-arm -I../../Middlewares/Third_Party/OpenAMP/open-amp/lib/rpmsg -I../../Drivers/STM32H7xx_HAL_Driver/Inc -I../../Drivers/STM32H7xx_HAL_Driver/Inc/Legacy -I../../Drivers/CMSIS/Device/ST/STM32H7xx/Include -I../../Drivers/CMSIS/Include -O0 -ffunction-sections -fdata-sections -Wall -fstack-usage -MMD -MP -MF"Middlewares/Third_Party/OpenAMP/generic_device.d" -MT"Middlewares/Third_Party/OpenAMP/generic_device.o" --specs=nano.specs -mfpu=fpv5-d16 -mfloat-abi=hard -mthumb -o "Middlewares/Third_Party/OpenAMP/generic_device.o"
arm-none-eabi-gcc "C:/Ad_Docs/embedded_sys/multicore/5_HSEM_OpenAMP/Middlewares/Third_Party/OpenAMP/libmetal/lib/system/generic/generic_init.c" -mcpu=cortex-m7 -std=gnu11 -g3 -DDEBUG -DCORE_CM7 -DUSE_HAL_DRIVER -DSTM32H755xx -DMETAL_INTERNAL -DMETAL_MAX_DEVICE_REGIONS=2 -DRPMSG_BUFFER_SIZE=512 -DVIRTIO_MASTER_ONLY -DNO_ATOMIC_64_SUPPORT -c -I../OPENAMP -I../Core/Inc -I../../Middlewares/Third_Party/OpenAMP/open-amp/lib/include -I../../Middlewares/Third_Party/OpenAMP/libmetal/lib/include -I../../Middlewares/Third_Party/OpenAMP/libmetal/lib/include/metal/compiler/mdk-arm -I../../Middlewares/Third_Party/OpenAMP/open-amp/lib/rpmsg -I../../Drivers/STM32H7xx_HAL_Driver/Inc -I../../Drivers/STM32H7xx_HAL_Driver/Inc/Legacy -I../../Drivers/CMSIS/Device/ST/STM32H7xx/Include -I../../Drivers/CMSIS/Include -O0 -ffunction-sections -fdata-sections -Wall -fstack-usage -MMD -MP -MF"Middlewares/Third_Party/OpenAMP/generic_init.d" -MT"Middlewares/Third_Party/OpenAMP/generic_init.o" --specs=nano.specs -mfpu=fpv5-d16 -mfloat-abi=hard -mthumb -o "Middlewares/Third_Party/OpenAMP/generic_init.o"
arm-none-eabi-gcc "C:/Ad_Docs/embedded_sys/multicore/5_HSEM_OpenAMP/Middlewares/Third_Party/OpenAMP/libmetal/lib/system/generic/generic_io.c" -mcpu=cortex-m7 -std=gnu11 -g3 -DDEBUG -DCORE_CM7 -DUSE_HAL_DRIVER -DSTM32H755xx -DMETAL_INTERNAL -DMETAL_MAX_DEVICE_REGIONS=2 -DRPMSG_BUFFER_SIZE=512 -DVIRTIO_MASTER_ONLY -DNO_ATOMIC_64_SUPPORT -c -I../OPENAMP -I../Core/Inc -I../../Middlewares/Third_Party/OpenAMP/open-amp/lib/include -I../../Middlewares/Third_Party/OpenAMP/libmetal/lib/include -I../../Middlewares/Third_Party/OpenAMP/libmetal/lib/include/metal/compiler/mdk-arm -I../../Middlewares/Third_Party/OpenAMP/open-amp/lib/rpmsg -I../../Drivers/STM32H7xx_HAL_Driver/Inc -I../../Drivers/STM32H7xx_HAL_Driver/Inc/Legacy -I../../Drivers/CMSIS/Device/ST/STM32H7xx/Include -I../../Drivers/CMSIS/Include -O0 -ffunction-sections -fdata-sections -Wall -fstack-usage -MMD -MP -MF"Middlewares/Third_Party/OpenAMP/generic_io.d" -MT"Middlewares/Third_Party/OpenAMP/generic_io.o" --specs=nano.specs -mfpu=fpv5-d16 -mfloat-abi=hard -mthumb -o "Middlewares/Third_Party/OpenAMP/generic_io.o"
arm-none-eabi-gcc "C:/Ad_Docs/embedded_sys/multicore/5_HSEM_OpenAMP/Middlewares/Third_Party/OpenAMP/libmetal/lib/system/generic/generic_shmem.c" -mcpu=cortex-m7 -std=gnu11 -g3 -DDEBUG -DCORE_CM7 -DUSE_HAL_DRIVER -DSTM32H755xx -DMETAL_INTERNAL -DMETAL_MAX_DEVICE_REGIONS=2 -DRPMSG_BUFFER_SIZE=512 -DVIRTIO_MASTER_ONLY -DNO_ATOMIC_64_SUPPORT -c -I../OPENAMP -I../Core/Inc -I../../Middlewares/Third_Party/OpenAMP/open-amp/lib/include -I../../Middlewares/Third_Party/OpenAMP/libmetal/lib/include -I../../Middlewares/Third_Party/OpenAMP/libmetal/lib/include/metal/compiler/mdk-arm -I../../Middlewares/Third_Party/OpenAMP/open-amp/lib/rpmsg -I../../Drivers/STM32H7xx_HAL_Driver/Inc -I../../Drivers/STM32H7xx_HAL_Driver/Inc/Legacy -I../../Drivers/CMSIS/Device/ST/STM32H7xx/Include -I../../Drivers/CMSIS/Include -O0 -ffunction-sections -fdata-sections -Wall -fstack-usage -MMD -MP -MF"Middlewares/Third_Party/OpenAMP/generic_shmem.d" -MT"Middlewares/Third_Party/OpenAMP/generic_shmem.o" --specs=nano.specs -mfpu=fpv5-d16 -mfloat-abi=hard -mthumb -o "Middlewares/Third_Party/OpenAMP/generic_shmem.o"
arm-none-eabi-gcc "C:/Ad_Docs/embedded_sys/multicore/5_HSEM_OpenAMP/Middlewares/Third_Party/OpenAMP/libmetal/lib/init.c" -mcpu=cortex-m7 -std=gnu11 -g3 -DDEBUG -DCORE_CM7 -DUSE_HAL_DRIVER -DSTM32H755xx -DMETAL_INTERNAL -DMETAL_MAX_DEVICE_REGIONS=2 -DRPMSG_BUFFER_SIZE=512 -DVIRTIO_MASTER_ONLY -DNO_ATOMIC_64_SUPPORT -c -I../OPENAMP -I../Core/Inc -I../../Middlewares/Third_Party/OpenAMP/open-amp/lib/include -I../../Middlewares/Third_Party/OpenAMP/libmetal/lib/include -I../../Middlewares/Third_Party/OpenAMP/libmetal/lib/include/metal/compiler/mdk-arm -I../../Middlewares/Third_Party/OpenAMP/open-amp/lib/rpmsg -I../../Drivers/STM32H7xx_HAL_Driver/Inc -I../../Drivers/STM32H7xx_HAL_Driver/Inc/Legacy -I../../Drivers/CMSIS/Device/ST/STM32H7xx/Include -I../../Drivers/CMSIS/Include -O0 -ffunction-sections -fdata-sections -Wall -fstack-usage -MMD -MP -MF"Middlewares/Third_Party/OpenAMP/init.d" -MT"Middlewares/Third_Party/OpenAMP/init.o" --specs=nano.specs -mfpu=fpv5-d16 -mfloat-abi=hard -mthumb -o "Middlewares/Third_Party/OpenAMP/init.o"
arm-none-eabi-gcc "C:/Ad_Docs/embedded_sys/multicore/5_HSEM_OpenAMP/Middlewares/Third_Party/OpenAMP/libmetal/lib/io.c" -mcpu=cortex-m7 -std=gnu11 -g3 -DDEBUG -DCORE_CM7 -DUSE_HAL_DRIVER -DSTM32H755xx -DMETAL_INTERNAL -DMETAL_MAX_DEVICE_REGIONS=2 -DRPMSG_BUFFER_SIZE=512 -DVIRTIO_MASTER_ONLY -DNO_ATOMIC_64_SUPPORT -c -I../OPENAMP -I../Core/Inc -I../../Middlewares/Third_Party/OpenAMP/open-amp/lib/include -I../../Middlewares/Third_Party/OpenAMP/libmetal/lib/include -I../../Middlewares/Third_Party/OpenAMP/libmetal/lib/include/metal/compiler/mdk-arm -I../../Middlewares/Third_Party/OpenAMP/open-amp/lib/rpmsg -I../../Drivers/STM32H7xx_HAL_Driver/Inc -I../../Drivers/STM32H7xx_HAL_Driver/Inc/Legacy -I../../Drivers/CMSIS/Device/ST/STM32H7xx/Include -I../../Drivers/CMSIS/Include -O0 -ffunction-sections -fdata-sections -Wall -fstack-usage -MMD -MP -MF"Middlewares/Third_Party/OpenAMP/io.d" -MT"Middlewares/Third_Party/OpenAMP/io.o" --specs=nano.specs -mfpu=fpv5-d16 -mfloat-abi=hard -mthumb -o "Middlewares/Third_Party/OpenAMP/io.o"
arm-none-eabi-gcc "C:/Ad_Docs/embedded_sys/multicore/5_HSEM_OpenAMP/Middlewares/Third_Party/OpenAMP/libmetal/lib/log.c" -mcpu=cortex-m7 -std=gnu11 -g3 -DDEBUG -DCORE_CM7 -DUSE_HAL_DRIVER -DSTM32H755xx -DMETAL_INTERNAL -DMETAL_MAX_DEVICE_REGIONS=2 -DRPMSG_BUFFER_SIZE=512 -DVIRTIO_MASTER_ONLY -DNO_ATOMIC_64_SUPPORT -c -I../OPENAMP -I../Core/Inc -I../../Middlewares/Third_Party/OpenAMP/open-amp/lib/include -I../../Middlewares/Third_Party/OpenAMP/libmetal/lib/include -I../../Middlewares/Third_Party/OpenAMP/libmetal/lib/include/metal/compiler/mdk-arm -I../../Middlewares/Third_Party/OpenAMP/open-amp/lib/rpmsg -I../../Drivers/STM32H7xx_HAL_Driver/Inc -I../../Drivers/STM32H7xx_HAL_Driver/Inc/Legacy -I../../Drivers/CMSIS/Device/ST/STM32H7xx/Include -I../../Drivers/CMSIS/Include -O0 -ffunction-sections -fdata-sections -Wall -fstack-usage -MMD -MP -MF"Middlewares/Third_Party/OpenAMP/log.d" -MT"Middlewares/Third_Party/OpenAMP/log.o" --specs=nano.specs -mfpu=fpv5-d16 -mfloat-abi=hard -mthumb -o "Middlewares/Third_Party/OpenAMP/log.o"
../OPENAMP/rsc_table.c: In function 'resource_table_init':
../OPENAMP/rsc_table.c:142:9: warning: passing argument 1 of 'memset' discards 'volatile' qualifier from pointer target type [-Wdiscarded-qualifiers]
  142 |  memset(&resource_table, '\0', sizeof(struct shared_resource_table));
      |         ^~~~~~~~~~~~~~~
In file included from ../../Middlewares/Third_Party/OpenAMP/open-amp/lib/include/openamp/rpmsg.h:19,
                 from ../../Middlewares/Third_Party/OpenAMP/open-amp/lib/include/openamp/open_amp.h:11,
                 from ../OPENAMP/rsc_table.h:24,
                 from ../OPENAMP/rsc_table.c:40:
c:\st\stm32cubeide_1.8.0\stm32cubeide\plugins\com.st.stm32cube.ide.mcu.externaltools.gnu-tools-for-stm32.9-2020-q2-update.win32_2.0.0.202105311346\tools\arm-none-eabi\include\string.h:33:9: note: expected 'void *' but argument is of type 'volatile struct shared_resource_table *'
   33 | void *  memset (void *, int, size_t);
      |         ^~~~~~
arm-none-eabi-gcc "C:/Ad_Docs/embedded_sys/multicore/5_HSEM_OpenAMP/Middlewares/Third_Party/OpenAMP/open-amp/lib/remoteproc/remoteproc_virtio.c" -mcpu=cortex-m7 -std=gnu11 -g3 -DDEBUG -DCORE_CM7 -DUSE_HAL_DRIVER -DSTM32H755xx -DMETAL_INTERNAL -DMETAL_MAX_DEVICE_REGIONS=2 -DRPMSG_BUFFER_SIZE=512 -DVIRTIO_MASTER_ONLY -DNO_ATOMIC_64_SUPPORT -c -I../OPENAMP -I../Core/Inc -I../../Middlewares/Third_Party/OpenAMP/open-amp/lib/include -I../../Middlewares/Third_Party/OpenAMP/libmetal/lib/include -I../../Middlewares/Third_Party/OpenAMP/libmetal/lib/include/metal/compiler/mdk-arm -I../../Middlewares/Third_Party/OpenAMP/open-amp/lib/rpmsg -I../../Drivers/STM32H7xx_HAL_Driver/Inc -I../../Drivers/STM32H7xx_HAL_Driver/Inc/Legacy -I../../Drivers/CMSIS/Device/ST/STM32H7xx/Include -I../../Drivers/CMSIS/Include -O0 -ffunction-sections -fdata-sections -Wall -fstack-usage -MMD -MP -MF"Middlewares/Third_Party/OpenAMP/remoteproc_virtio.d" -MT"Middlewares/Third_Party/OpenAMP/remoteproc_virtio.o" --specs=nano.specs -mfpu=fpv5-d16 -mfloat-abi=hard -mthumb -o "Middlewares/Third_Party/OpenAMP/remoteproc_virtio.o"
arm-none-eabi-gcc "C:/Ad_Docs/embedded_sys/multicore/5_HSEM_OpenAMP/Middlewares/Third_Party/OpenAMP/open-amp/lib/rpmsg/rpmsg.c" -mcpu=cortex-m7 -std=gnu11 -g3 -DDEBUG -DCORE_CM7 -DUSE_HAL_DRIVER -DSTM32H755xx -DMETAL_INTERNAL -DMETAL_MAX_DEVICE_REGIONS=2 -DRPMSG_BUFFER_SIZE=512 -DVIRTIO_MASTER_ONLY -DNO_ATOMIC_64_SUPPORT -c -I../OPENAMP -I../Core/Inc -I../../Middlewares/Third_Party/OpenAMP/open-amp/lib/include -I../../Middlewares/Third_Party/OpenAMP/libmetal/lib/include -I../../Middlewares/Third_Party/OpenAMP/libmetal/lib/include/metal/compiler/mdk-arm -I../../Middlewares/Third_Party/OpenAMP/open-amp/lib/rpmsg -I../../Drivers/STM32H7xx_HAL_Driver/Inc -I../../Drivers/STM32H7xx_HAL_Driver/Inc/Legacy -I../../Drivers/CMSIS/Device/ST/STM32H7xx/Include -I../../Drivers/CMSIS/Include -O0 -ffunction-sections -fdata-sections -Wall -fstack-usage -MMD -MP -MF"Middlewares/Third_Party/OpenAMP/rpmsg.d" -MT"Middlewares/Third_Party/OpenAMP/rpmsg.o" --specs=nano.specs -mfpu=fpv5-d16 -mfloat-abi=hard -mthumb -o "Middlewares/Third_Party/OpenAMP/rpmsg.o"
arm-none-eabi-gcc "C:/Ad_Docs/embedded_sys/multicore/5_HSEM_OpenAMP/Middlewares/Third_Party/OpenAMP/open-amp/lib/rpmsg/rpmsg_virtio.c" -mcpu=cortex-m7 -std=gnu11 -g3 -DDEBUG -DCORE_CM7 -DUSE_HAL_DRIVER -DSTM32H755xx -DMETAL_INTERNAL -DMETAL_MAX_DEVICE_REGIONS=2 -DRPMSG_BUFFER_SIZE=512 -DVIRTIO_MASTER_ONLY -DNO_ATOMIC_64_SUPPORT -c -I../OPENAMP -I../Core/Inc -I../../Middlewares/Third_Party/OpenAMP/open-amp/lib/include -I../../Middlewares/Third_Party/OpenAMP/libmetal/lib/include -I../../Middlewares/Third_Party/OpenAMP/libmetal/lib/include/metal/compiler/mdk-arm -I../../Middlewares/Third_Party/OpenAMP/open-amp/lib/rpmsg -I../../Drivers/STM32H7xx_HAL_Driver/Inc -I../../Drivers/STM32H7xx_HAL_Driver/Inc/Legacy -I../../Drivers/CMSIS/Device/ST/STM32H7xx/Include -I../../Drivers/CMSIS/Include -O0 -ffunction-sections -fdata-sections -Wall -fstack-usage -MMD -MP -MF"Middlewares/Third_Party/OpenAMP/rpmsg_virtio.d" -MT"Middlewares/Third_Party/OpenAMP/rpmsg_virtio.o" --specs=nano.specs -mfpu=fpv5-d16 -mfloat-abi=hard -mthumb -o "Middlewares/Third_Party/OpenAMP/rpmsg_virtio.o"
arm-none-eabi-gcc "C:/Ad_Docs/embedded_sys/multicore/5_HSEM_OpenAMP/Middlewares/Third_Party/OpenAMP/libmetal/lib/shmem.c" -mcpu=cortex-m7 -std=gnu11 -g3 -DDEBUG -DCORE_CM7 -DUSE_HAL_DRIVER -DSTM32H755xx -DMETAL_INTERNAL -DMETAL_MAX_DEVICE_REGIONS=2 -DRPMSG_BUFFER_SIZE=512 -DVIRTIO_MASTER_ONLY -DNO_ATOMIC_64_SUPPORT -c -I../OPENAMP -I../Core/Inc -I../../Middlewares/Third_Party/OpenAMP/open-amp/lib/include -I../../Middlewares/Third_Party/OpenAMP/libmetal/lib/include -I../../Middlewares/Third_Party/OpenAMP/libmetal/lib/include/metal/compiler/mdk-arm -I../../Middlewares/Third_Party/OpenAMP/open-amp/lib/rpmsg -I../../Drivers/STM32H7xx_HAL_Driver/Inc -I../../Drivers/STM32H7xx_HAL_Driver/Inc/Legacy -I../../Drivers/CMSIS/Device/ST/STM32H7xx/Include -I../../Drivers/CMSIS/Include -O0 -ffunction-sections -fdata-sections -Wall -fstack-usage -MMD -MP -MF"Middlewares/Third_Party/OpenAMP/shmem.d" -MT"Middlewares/Third_Party/OpenAMP/shmem.o" --specs=nano.specs -mfpu=fpv5-d16 -mfloat-abi=hard -mthumb -o "Middlewares/Third_Party/OpenAMP/shmem.o"
arm-none-eabi-gcc "C:/Ad_Docs/embedded_sys/multicore/5_HSEM_OpenAMP/Middlewares/Third_Party/OpenAMP/libmetal/lib/system/generic/cortexm/sys.c" -mcpu=cortex-m7 -std=gnu11 -g3 -DDEBUG -DCORE_CM7 -DUSE_HAL_DRIVER -DSTM32H755xx -DMETAL_INTERNAL -DMETAL_MAX_DEVICE_REGIONS=2 -DRPMSG_BUFFER_SIZE=512 -DVIRTIO_MASTER_ONLY -DNO_ATOMIC_64_SUPPORT -c -I../OPENAMP -I../Core/Inc -I../../Middlewares/Third_Party/OpenAMP/open-amp/lib/include -I../../Middlewares/Third_Party/OpenAMP/libmetal/lib/include -I../../Middlewares/Third_Party/OpenAMP/libmetal/lib/include/metal/compiler/mdk-arm -I../../Middlewares/Third_Party/OpenAMP/open-amp/lib/rpmsg -I../../Drivers/STM32H7xx_HAL_Driver/Inc -I../../Drivers/STM32H7xx_HAL_Driver/Inc/Legacy -I../../Drivers/CMSIS/Device/ST/STM32H7xx/Include -I../../Drivers/CMSIS/Include -O0 -ffunction-sections -fdata-sections -Wall -fstack-usage -MMD -MP -MF"Middlewares/Third_Party/OpenAMP/sys.d" -MT"Middlewares/Third_Party/OpenAMP/sys.o" --specs=nano.specs -mfpu=fpv5-d16 -mfloat-abi=hard -mthumb -o "Middlewares/Third_Party/OpenAMP/sys.o"
arm-none-eabi-gcc "C:/Ad_Docs/embedded_sys/multicore/5_HSEM_OpenAMP/Middlewares/Third_Party/OpenAMP/libmetal/lib/system/generic/time.c" -mcpu=cortex-m7 -std=gnu11 -g3 -DDEBUG -DCORE_CM7 -DUSE_HAL_DRIVER -DSTM32H755xx -DMETAL_INTERNAL -DMETAL_MAX_DEVICE_REGIONS=2 -DRPMSG_BUFFER_SIZE=512 -DVIRTIO_MASTER_ONLY -DNO_ATOMIC_64_SUPPORT -c -I../OPENAMP -I../Core/Inc -I../../Middlewares/Third_Party/OpenAMP/open-amp/lib/include -I../../Middlewares/Third_Party/OpenAMP/libmetal/lib/include -I../../Middlewares/Third_Party/OpenAMP/libmetal/lib/include/metal/compiler/mdk-arm -I../../Middlewares/Third_Party/OpenAMP/open-amp/lib/rpmsg -I../../Drivers/STM32H7xx_HAL_Driver/Inc -I../../Drivers/STM32H7xx_HAL_Driver/Inc/Legacy -I../../Drivers/CMSIS/Device/ST/STM32H7xx/Include -I../../Drivers/CMSIS/Include -O0 -ffunction-sections -fdata-sections -Wall -fstack-usage -MMD -MP -MF"Middlewares/Third_Party/OpenAMP/time.d" -MT"Middlewares/Third_Party/OpenAMP/time.o" --specs=nano.specs -mfpu=fpv5-d16 -mfloat-abi=hard -mthumb -o "Middlewares/Third_Party/OpenAMP/time.o"
arm-none-eabi-gcc "C:/Ad_Docs/embedded_sys/multicore/5_HSEM_OpenAMP/Middlewares/Third_Party/OpenAMP/open-amp/lib/virtio/virtio.c" -mcpu=cortex-m7 -std=gnu11 -g3 -DDEBUG -DCORE_CM7 -DUSE_HAL_DRIVER -DSTM32H755xx -DMETAL_INTERNAL -DMETAL_MAX_DEVICE_REGIONS=2 -DRPMSG_BUFFER_SIZE=512 -DVIRTIO_MASTER_ONLY -DNO_ATOMIC_64_SUPPORT -c -I../OPENAMP -I../Core/Inc -I../../Middlewares/Third_Party/OpenAMP/open-amp/lib/include -I../../Middlewares/Third_Party/OpenAMP/libmetal/lib/include -I../../Middlewares/Third_Party/OpenAMP/libmetal/lib/include/metal/compiler/mdk-arm -I../../Middlewares/Third_Party/OpenAMP/open-amp/lib/rpmsg -I../../Drivers/STM32H7xx_HAL_Driver/Inc -I../../Drivers/STM32H7xx_HAL_Driver/Inc/Legacy -I../../Drivers/CMSIS/Device/ST/STM32H7xx/Include -I../../Drivers/CMSIS/Include -O0 -ffunction-sections -fdata-sections -Wall -fstack-usage -MMD -MP -MF"Middlewares/Third_Party/OpenAMP/virtio.d" -MT"Middlewares/Third_Party/OpenAMP/virtio.o" --specs=nano.specs -mfpu=fpv5-d16 -mfloat-abi=hard -mthumb -o "Middlewares/Third_Party/OpenAMP/virtio.o"
arm-none-eabi-gcc "C:/Ad_Docs/embedded_sys/multicore/5_HSEM_OpenAMP/Middlewares/Third_Party/OpenAMP/open-amp/lib/virtio/virtqueue.c" -mcpu=cortex-m7 -std=gnu11 -g3 -DDEBUG -DCORE_CM7 -DUSE_HAL_DRIVER -DSTM32H755xx -DMETAL_INTERNAL -DMETAL_MAX_DEVICE_REGIONS=2 -DRPMSG_BUFFER_SIZE=512 -DVIRTIO_MASTER_ONLY -DNO_ATOMIC_64_SUPPORT -c -I../OPENAMP -I../Core/Inc -I../../Middlewares/Third_Party/OpenAMP/open-amp/lib/include -I../../Middlewares/Third_Party/OpenAMP/libmetal/lib/include -I../../Middlewares/Third_Party/OpenAMP/libmetal/lib/include/metal/compiler/mdk-arm -I../../Middlewares/Third_Party/OpenAMP/open-amp/lib/rpmsg -I../../Drivers/STM32H7xx_HAL_Driver/Inc -I../../Drivers/STM32H7xx_HAL_Driver/Inc/Legacy -I../../Drivers/CMSIS/Device/ST/STM32H7xx/Include -I../../Drivers/CMSIS/Include -O0 -ffunction-sections -fdata-sections -Wall -fstack-usage -MMD -MP -MF"Middlewares/Third_Party/OpenAMP/virtqueue.d" -MT"Middlewares/Third_Party/OpenAMP/virtqueue.o" --specs=nano.specs -mfpu=fpv5-d16 -mfloat-abi=hard -mthumb -o "Middlewares/Third_Party/OpenAMP/virtqueue.o"
arm-none-eabi-gcc "C:/Ad_Docs/embedded_sys/multicore/5_HSEM_OpenAMP/Drivers/STM32H7xx_HAL_Driver/Src/stm32h7xx_hal.c" -mcpu=cortex-m7 -std=gnu11 -g3 -DDEBUG -DCORE_CM7 -DUSE_HAL_DRIVER -DSTM32H755xx -DMETAL_INTERNAL -DMETAL_MAX_DEVICE_REGIONS=2 -DRPMSG_BUFFER_SIZE=512 -DVIRTIO_MASTER_ONLY -DNO_ATOMIC_64_SUPPORT -c -I../OPENAMP -I../Core/Inc -I../../Middlewares/Third_Party/OpenAMP/open-amp/lib/include -I../../Middlewares/Third_Party/OpenAMP/libmetal/lib/include -I../../Middlewares/Third_Party/OpenAMP/libmetal/lib/include/metal/compiler/mdk-arm -I../../Middlewares/Third_Party/OpenAMP/open-amp/lib/rpmsg -I../../Drivers/STM32H7xx_HAL_Driver/Inc -I../../Drivers/STM32H7xx_HAL_Driver/Inc/Legacy -I../../Drivers/CMSIS/Device/ST/STM32H7xx/Include -I../../Drivers/CMSIS/Include -O0 -ffunction-sections -fdata-sections -Wall -fstack-usage -MMD -MP -MF"Drivers/STM32H7xx_HAL_Driver/stm32h7xx_hal.d" -MT"Drivers/STM32H7xx_HAL_Driver/stm32h7xx_hal.o" --specs=nano.specs -mfpu=fpv5-d16 -mfloat-abi=hard -mthumb -o "Drivers/STM32H7xx_HAL_Driver/stm32h7xx_hal.o"
arm-none-eabi-gcc "C:/Ad_Docs/embedded_sys/multicore/5_HSEM_OpenAMP/Drivers/STM32H7xx_HAL_Driver/Src/stm32h7xx_hal_cortex.c" -mcpu=cortex-m7 -std=gnu11 -g3 -DDEBUG -DCORE_CM7 -DUSE_HAL_DRIVER -DSTM32H755xx -DMETAL_INTERNAL -DMETAL_MAX_DEVICE_REGIONS=2 -DRPMSG_BUFFER_SIZE=512 -DVIRTIO_MASTER_ONLY -DNO_ATOMIC_64_SUPPORT -c -I../OPENAMP -I../Core/Inc -I../../Middlewares/Third_Party/OpenAMP/open-amp/lib/include -I../../Middlewares/Third_Party/OpenAMP/libmetal/lib/include -I../../Middlewares/Third_Party/OpenAMP/libmetal/lib/include/metal/compiler/mdk-arm -I../../Middlewares/Third_Party/OpenAMP/open-amp/lib/rpmsg -I../../Drivers/STM32H7xx_HAL_Driver/Inc -I../../Drivers/STM32H7xx_HAL_Driver/Inc/Legacy -I../../Drivers/CMSIS/Device/ST/STM32H7xx/Include -I../../Drivers/CMSIS/Include -O0 -ffunction-sections -fdata-sections -Wall -fstack-usage -MMD -MP -MF"Drivers/STM32H7xx_HAL_Driver/stm32h7xx_hal_cortex.d" -MT"Drivers/STM32H7xx_HAL_Driver/stm32h7xx_hal_cortex.o" --specs=nano.specs -mfpu=fpv5-d16 -mfloat-abi=hard -mthumb -o "Drivers/STM32H7xx_HAL_Driver/stm32h7xx_hal_cortex.o"
arm-none-eabi-gcc "C:/Ad_Docs/embedded_sys/multicore/5_HSEM_OpenAMP/Drivers/STM32H7xx_HAL_Driver/Src/stm32h7xx_hal_dma.c" -mcpu=cortex-m7 -std=gnu11 -g3 -DDEBUG -DCORE_CM7 -DUSE_HAL_DRIVER -DSTM32H755xx -DMETAL_INTERNAL -DMETAL_MAX_DEVICE_REGIONS=2 -DRPMSG_BUFFER_SIZE=512 -DVIRTIO_MASTER_ONLY -DNO_ATOMIC_64_SUPPORT -c -I../OPENAMP -I../Core/Inc -I../../Middlewares/Third_Party/OpenAMP/open-amp/lib/include -I../../Middlewares/Third_Party/OpenAMP/libmetal/lib/include -I../../Middlewares/Third_Party/OpenAMP/libmetal/lib/include/metal/compiler/mdk-arm -I../../Middlewares/Third_Party/OpenAMP/open-amp/lib/rpmsg -I../../Drivers/STM32H7xx_HAL_Driver/Inc -I../../Drivers/STM32H7xx_HAL_Driver/Inc/Legacy -I../../Drivers/CMSIS/Device/ST/STM32H7xx/Include -I../../Drivers/CMSIS/Include -O0 -ffunction-sections -fdata-sections -Wall -fstack-usage -MMD -MP -MF"Drivers/STM32H7xx_HAL_Driver/stm32h7xx_hal_dma.d" -MT"Drivers/STM32H7xx_HAL_Driver/stm32h7xx_hal_dma.o" --specs=nano.specs -mfpu=fpv5-d16 -mfloat-abi=hard -mthumb -o "Drivers/STM32H7xx_HAL_Driver/stm32h7xx_hal_dma.o"
arm-none-eabi-gcc "C:/Ad_Docs/embedded_sys/multicore/5_HSEM_OpenAMP/Drivers/STM32H7xx_HAL_Driver/Src/stm32h7xx_hal_dma_ex.c" -mcpu=cortex-m7 -std=gnu11 -g3 -DDEBUG -DCORE_CM7 -DUSE_HAL_DRIVER -DSTM32H755xx -DMETAL_INTERNAL -DMETAL_MAX_DEVICE_REGIONS=2 -DRPMSG_BUFFER_SIZE=512 -DVIRTIO_MASTER_ONLY -DNO_ATOMIC_64_SUPPORT -c -I../OPENAMP -I../Core/Inc -I../../Middlewares/Third_Party/OpenAMP/open-amp/lib/include -I../../Middlewares/Third_Party/OpenAMP/libmetal/lib/include -I../../Middlewares/Third_Party/OpenAMP/libmetal/lib/include/metal/compiler/mdk-arm -I../../Middlewares/Third_Party/OpenAMP/open-amp/lib/rpmsg -I../../Drivers/STM32H7xx_HAL_Driver/Inc -I../../Drivers/STM32H7xx_HAL_Driver/Inc/Legacy -I../../Drivers/CMSIS/Device/ST/STM32H7xx/Include -I../../Drivers/CMSIS/Include -O0 -ffunction-sections -fdata-sections -Wall -fstack-usage -MMD -MP -MF"Drivers/STM32H7xx_HAL_Driver/stm32h7xx_hal_dma_ex.d" -MT"Drivers/STM32H7xx_HAL_Driver/stm32h7xx_hal_dma_ex.o" --specs=nano.specs -mfpu=fpv5-d16 -mfloat-abi=hard -mthumb -o "Drivers/STM32H7xx_HAL_Driver/stm32h7xx_hal_dma_ex.o"
arm-none-eabi-gcc "C:/Ad_Docs/embedded_sys/multicore/5_HSEM_OpenAMP/Drivers/STM32H7xx_HAL_Driver/Src/stm32h7xx_hal_exti.c" -mcpu=cortex-m7 -std=gnu11 -g3 -DDEBUG -DCORE_CM7 -DUSE_HAL_DRIVER -DSTM32H755xx -DMETAL_INTERNAL -DMETAL_MAX_DEVICE_REGIONS=2 -DRPMSG_BUFFER_SIZE=512 -DVIRTIO_MASTER_ONLY -DNO_ATOMIC_64_SUPPORT -c -I../OPENAMP -I../Core/Inc -I../../Middlewares/Third_Party/OpenAMP/open-amp/lib/include -I../../Middlewares/Third_Party/OpenAMP/libmetal/lib/include -I../../Middlewares/Third_Party/OpenAMP/libmetal/lib/include/metal/compiler/mdk-arm -I../../Middlewares/Third_Party/OpenAMP/open-amp/lib/rpmsg -I../../Drivers/STM32H7xx_HAL_Driver/Inc -I../../Drivers/STM32H7xx_HAL_Driver/Inc/Legacy -I../../Drivers/CMSIS/Device/ST/STM32H7xx/Include -I../../Drivers/CMSIS/Include -O0 -ffunction-sections -fdata-sections -Wall -fstack-usage -MMD -MP -MF"Drivers/STM32H7xx_HAL_Driver/stm32h7xx_hal_exti.d" -MT"Drivers/STM32H7xx_HAL_Driver/stm32h7xx_hal_exti.o" --specs=nano.specs -mfpu=fpv5-d16 -mfloat-abi=hard -mthumb -o "Drivers/STM32H7xx_HAL_Driver/stm32h7xx_hal_exti.o"
arm-none-eabi-gcc "C:/Ad_Docs/embedded_sys/multicore/5_HSEM_OpenAMP/Drivers/STM32H7xx_HAL_Driver/Src/stm32h7xx_hal_flash.c" -mcpu=cortex-m7 -std=gnu11 -g3 -DDEBUG -DCORE_CM7 -DUSE_HAL_DRIVER -DSTM32H755xx -DMETAL_INTERNAL -DMETAL_MAX_DEVICE_REGIONS=2 -DRPMSG_BUFFER_SIZE=512 -DVIRTIO_MASTER_ONLY -DNO_ATOMIC_64_SUPPORT -c -I../OPENAMP -I../Core/Inc -I../../Middlewares/Third_Party/OpenAMP/open-amp/lib/include -I../../Middlewares/Third_Party/OpenAMP/libmetal/lib/include -I../../Middlewares/Third_Party/OpenAMP/libmetal/lib/include/metal/compiler/mdk-arm -I../../Middlewares/Third_Party/OpenAMP/open-amp/lib/rpmsg -I../../Drivers/STM32H7xx_HAL_Driver/Inc -I../../Drivers/STM32H7xx_HAL_Driver/Inc/Legacy -I../../Drivers/CMSIS/Device/ST/STM32H7xx/Include -I../../Drivers/CMSIS/Include -O0 -ffunction-sections -fdata-sections -Wall -fstack-usage -MMD -MP -MF"Drivers/STM32H7xx_HAL_Driver/stm32h7xx_hal_flash.d" -MT"Drivers/STM32H7xx_HAL_Driver/stm32h7xx_hal_flash.o" --specs=nano.specs -mfpu=fpv5-d16 -mfloat-abi=hard -mthumb -o "Drivers/STM32H7xx_HAL_Driver/stm32h7xx_hal_flash.o"
arm-none-eabi-gcc "C:/Ad_Docs/embedded_sys/multicore/5_HSEM_OpenAMP/Drivers/STM32H7xx_HAL_Driver/Src/stm32h7xx_hal_flash_ex.c" -mcpu=cortex-m7 -std=gnu11 -g3 -DDEBUG -DCORE_CM7 -DUSE_HAL_DRIVER -DSTM32H755xx -DMETAL_INTERNAL -DMETAL_MAX_DEVICE_REGIONS=2 -DRPMSG_BUFFER_SIZE=512 -DVIRTIO_MASTER_ONLY -DNO_ATOMIC_64_SUPPORT -c -I../OPENAMP -I../Core/Inc -I../../Middlewares/Third_Party/OpenAMP/open-amp/lib/include -I../../Middlewares/Third_Party/OpenAMP/libmetal/lib/include -I../../Middlewares/Third_Party/OpenAMP/libmetal/lib/include/metal/compiler/mdk-arm -I../../Middlewares/Third_Party/OpenAMP/open-amp/lib/rpmsg -I../../Drivers/STM32H7xx_HAL_Driver/Inc -I../../Drivers/STM32H7xx_HAL_Driver/Inc/Legacy -I../../Drivers/CMSIS/Device/ST/STM32H7xx/Include -I../../Drivers/CMSIS/Include -O0 -ffunction-sections -fdata-sections -Wall -fstack-usage -MMD -MP -MF"Drivers/STM32H7xx_HAL_Driver/stm32h7xx_hal_flash_ex.d" -MT"Drivers/STM32H7xx_HAL_Driver/stm32h7xx_hal_flash_ex.o" --specs=nano.specs -mfpu=fpv5-d16 -mfloat-abi=hard -mthumb -o "Drivers/STM32H7xx_HAL_Driver/stm32h7xx_hal_flash_ex.o"
arm-none-eabi-gcc "C:/Ad_Docs/embedded_sys/multicore/5_HSEM_OpenAMP/Drivers/STM32H7xx_HAL_Driver/Src/stm32h7xx_hal_gpio.c" -mcpu=cortex-m7 -std=gnu11 -g3 -DDEBUG -DCORE_CM7 -DUSE_HAL_DRIVER -DSTM32H755xx -DMETAL_INTERNAL -DMETAL_MAX_DEVICE_REGIONS=2 -DRPMSG_BUFFER_SIZE=512 -DVIRTIO_MASTER_ONLY -DNO_ATOMIC_64_SUPPORT -c -I../OPENAMP -I../Core/Inc -I../../Middlewares/Third_Party/OpenAMP/open-amp/lib/include -I../../Middlewares/Third_Party/OpenAMP/libmetal/lib/include -I../../Middlewares/Third_Party/OpenAMP/libmetal/lib/include/metal/compiler/mdk-arm -I../../Middlewares/Third_Party/OpenAMP/open-amp/lib/rpmsg -I../../Drivers/STM32H7xx_HAL_Driver/Inc -I../../Drivers/STM32H7xx_HAL_Driver/Inc/Legacy -I../../Drivers/CMSIS/Device/ST/STM32H7xx/Include -I../../Drivers/CMSIS/Include -O0 -ffunction-sections -fdata-sections -Wall -fstack-usage -MMD -MP -MF"Drivers/STM32H7xx_HAL_Driver/stm32h7xx_hal_gpio.d" -MT"Drivers/STM32H7xx_HAL_Driver/stm32h7xx_hal_gpio.o" --specs=nano.specs -mfpu=fpv5-d16 -mfloat-abi=hard -mthumb -o "Drivers/STM32H7xx_HAL_Driver/stm32h7xx_hal_gpio.o"
arm-none-eabi-gcc "C:/Ad_Docs/embedded_sys/multicore/5_HSEM_OpenAMP/Drivers/STM32H7xx_HAL_Driver/Src/stm32h7xx_hal_hsem.c" -mcpu=cortex-m7 -std=gnu11 -g3 -DDEBUG -DCORE_CM7 -DUSE_HAL_DRIVER -DSTM32H755xx -DMETAL_INTERNAL -DMETAL_MAX_DEVICE_REGIONS=2 -DRPMSG_BUFFER_SIZE=512 -DVIRTIO_MASTER_ONLY -DNO_ATOMIC_64_SUPPORT -c -I../OPENAMP -I../Core/Inc -I../../Middlewares/Third_Party/OpenAMP/open-amp/lib/include -I../../Middlewares/Third_Party/OpenAMP/libmetal/lib/include -I../../Middlewares/Third_Party/OpenAMP/libmetal/lib/include/metal/compiler/mdk-arm -I../../Middlewares/Third_Party/OpenAMP/open-amp/lib/rpmsg -I../../Drivers/STM32H7xx_HAL_Driver/Inc -I../../Drivers/STM32H7xx_HAL_Driver/Inc/Legacy -I../../Drivers/CMSIS/Device/ST/STM32H7xx/Include -I../../Drivers/CMSIS/Include -O0 -ffunction-sections -fdata-sections -Wall -fstack-usage -MMD -MP -MF"Drivers/STM32H7xx_HAL_Driver/stm32h7xx_hal_hsem.d" -MT"Drivers/STM32H7xx_HAL_Driver/stm32h7xx_hal_hsem.o" --specs=nano.specs -mfpu=fpv5-d16 -mfloat-abi=hard -mthumb -o "Drivers/STM32H7xx_HAL_Driver/stm32h7xx_hal_hsem.o"
arm-none-eabi-gcc "C:/Ad_Docs/embedded_sys/multicore/5_HSEM_OpenAMP/Drivers/STM32H7xx_HAL_Driver/Src/stm32h7xx_hal_i2c.c" -mcpu=cortex-m7 -std=gnu11 -g3 -DDEBUG -DCORE_CM7 -DUSE_HAL_DRIVER -DSTM32H755xx -DMETAL_INTERNAL -DMETAL_MAX_DEVICE_REGIONS=2 -DRPMSG_BUFFER_SIZE=512 -DVIRTIO_MASTER_ONLY -DNO_ATOMIC_64_SUPPORT -c -I../OPENAMP -I../Core/Inc -I../../Middlewares/Third_Party/OpenAMP/open-amp/lib/include -I../../Middlewares/Third_Party/OpenAMP/libmetal/lib/include -I../../Middlewares/Third_Party/OpenAMP/libmetal/lib/include/metal/compiler/mdk-arm -I../../Middlewares/Third_Party/OpenAMP/open-amp/lib/rpmsg -I../../Drivers/STM32H7xx_HAL_Driver/Inc -I../../Drivers/STM32H7xx_HAL_Driver/Inc/Legacy -I../../Drivers/CMSIS/Device/ST/STM32H7xx/Include -I../../Drivers/CMSIS/Include -O0 -ffunction-sections -fdata-sections -Wall -fstack-usage -MMD -MP -MF"Drivers/STM32H7xx_HAL_Driver/stm32h7xx_hal_i2c.d" -MT"Drivers/STM32H7xx_HAL_Driver/stm32h7xx_hal_i2c.o" --specs=nano.specs -mfpu=fpv5-d16 -mfloat-abi=hard -mthumb -o "Drivers/STM32H7xx_HAL_Driver/stm32h7xx_hal_i2c.o"
arm-none-eabi-gcc "C:/Ad_Docs/embedded_sys/multicore/5_HSEM_OpenAMP/Drivers/STM32H7xx_HAL_Driver/Src/stm32h7xx_hal_i2c_ex.c" -mcpu=cortex-m7 -std=gnu11 -g3 -DDEBUG -DCORE_CM7 -DUSE_HAL_DRIVER -DSTM32H755xx -DMETAL_INTERNAL -DMETAL_MAX_DEVICE_REGIONS=2 -DRPMSG_BUFFER_SIZE=512 -DVIRTIO_MASTER_ONLY -DNO_ATOMIC_64_SUPPORT -c -I../OPENAMP -I../Core/Inc -I../../Middlewares/Third_Party/OpenAMP/open-amp/lib/include -I../../Middlewares/Third_Party/OpenAMP/libmetal/lib/include -I../../Middlewares/Third_Party/OpenAMP/libmetal/lib/include/metal/compiler/mdk-arm -I../../Middlewares/Third_Party/OpenAMP/open-amp/lib/rpmsg -I../../Drivers/STM32H7xx_HAL_Driver/Inc -I../../Drivers/STM32H7xx_HAL_Driver/Inc/Legacy -I../../Drivers/CMSIS/Device/ST/STM32H7xx/Include -I../../Drivers/CMSIS/Include -O0 -ffunction-sections -fdata-sections -Wall -fstack-usage -MMD -MP -MF"Drivers/STM32H7xx_HAL_Driver/stm32h7xx_hal_i2c_ex.d" -MT"Drivers/STM32H7xx_HAL_Driver/stm32h7xx_hal_i2c_ex.o" --specs=nano.specs -mfpu=fpv5-d16 -mfloat-abi=hard -mthumb -o "Drivers/STM32H7xx_HAL_Driver/stm32h7xx_hal_i2c_ex.o"
arm-none-eabi-gcc "C:/Ad_Docs/embedded_sys/multicore/5_HSEM_OpenAMP/Drivers/STM32H7xx_HAL_Driver/Src/stm32h7xx_hal_mdma.c" -mcpu=cortex-m7 -std=gnu11 -g3 -DDEBUG -DCORE_CM7 -DUSE_HAL_DRIVER -DSTM32H755xx -DMETAL_INTERNAL -DMETAL_MAX_DEVICE_REGIONS=2 -DRPMSG_BUFFER_SIZE=512 -DVIRTIO_MASTER_ONLY -DNO_ATOMIC_64_SUPPORT -c -I../OPENAMP -I../Core/Inc -I../../Middlewares/Third_Party/OpenAMP/open-amp/lib/include -I../../Middlewares/Third_Party/OpenAMP/libmetal/lib/include -I../../Middlewares/Third_Party/OpenAMP/libmetal/lib/include/metal/compiler/mdk-arm -I../../Middlewares/Third_Party/OpenAMP/open-amp/lib/rpmsg -I../../Drivers/STM32H7xx_HAL_Driver/Inc -I../../Drivers/STM32H7xx_HAL_Driver/Inc/Legacy -I../../Drivers/CMSIS/Device/ST/STM32H7xx/Include -I../../Drivers/CMSIS/Include -O0 -ffunction-sections -fdata-sections -Wall -fstack-usage -MMD -MP -MF"Drivers/STM32H7xx_HAL_Driver/stm32h7xx_hal_mdma.d" -MT"Drivers/STM32H7xx_HAL_Driver/stm32h7xx_hal_mdma.o" --specs=nano.specs -mfpu=fpv5-d16 -mfloat-abi=hard -mthumb -o "Drivers/STM32H7xx_HAL_Driver/stm32h7xx_hal_mdma.o"
arm-none-eabi-gcc "C:/Ad_Docs/embedded_sys/multicore/5_HSEM_OpenAMP/Drivers/STM32H7xx_HAL_Driver/Src/stm32h7xx_hal_pwr.c" -mcpu=cortex-m7 -std=gnu11 -g3 -DDEBUG -DCORE_CM7 -DUSE_HAL_DRIVER -DSTM32H755xx -DMETAL_INTERNAL -DMETAL_MAX_DEVICE_REGIONS=2 -DRPMSG_BUFFER_SIZE=512 -DVIRTIO_MASTER_ONLY -DNO_ATOMIC_64_SUPPORT -c -I../OPENAMP -I../Core/Inc -I../../Middlewares/Third_Party/OpenAMP/open-amp/lib/include -I../../Middlewares/Third_Party/OpenAMP/libmetal/lib/include -I../../Middlewares/Third_Party/OpenAMP/libmetal/lib/include/metal/compiler/mdk-arm -I../../Middlewares/Third_Party/OpenAMP/open-amp/lib/rpmsg -I../../Drivers/STM32H7xx_HAL_Driver/Inc -I../../Drivers/STM32H7xx_HAL_Driver/Inc/Legacy -I../../Drivers/CMSIS/Device/ST/STM32H7xx/Include -I../../Drivers/CMSIS/Include -O0 -ffunction-sections -fdata-sections -Wall -fstack-usage -MMD -MP -MF"Drivers/STM32H7xx_HAL_Driver/stm32h7xx_hal_pwr.d" -MT"Drivers/STM32H7xx_HAL_Driver/stm32h7xx_hal_pwr.o" --specs=nano.specs -mfpu=fpv5-d16 -mfloat-abi=hard -mthumb -o "Drivers/STM32H7xx_HAL_Driver/stm32h7xx_hal_pwr.o"
arm-none-eabi-gcc "C:/Ad_Docs/embedded_sys/multicore/5_HSEM_OpenAMP/Drivers/STM32H7xx_HAL_Driver/Src/stm32h7xx_hal_pwr_ex.c" -mcpu=cortex-m7 -std=gnu11 -g3 -DDEBUG -DCORE_CM7 -DUSE_HAL_DRIVER -DSTM32H755xx -DMETAL_INTERNAL -DMETAL_MAX_DEVICE_REGIONS=2 -DRPMSG_BUFFER_SIZE=512 -DVIRTIO_MASTER_ONLY -DNO_ATOMIC_64_SUPPORT -c -I../OPENAMP -I../Core/Inc -I../../Middlewares/Third_Party/OpenAMP/open-amp/lib/include -I../../Middlewares/Third_Party/OpenAMP/libmetal/lib/include -I../../Middlewares/Third_Party/OpenAMP/libmetal/lib/include/metal/compiler/mdk-arm -I../../Middlewares/Third_Party/OpenAMP/open-amp/lib/rpmsg -I../../Drivers/STM32H7xx_HAL_Driver/Inc -I../../Drivers/STM32H7xx_HAL_Driver/Inc/Legacy -I../../Drivers/CMSIS/Device/ST/STM32H7xx/Include -I../../Drivers/CMSIS/Include -O0 -ffunction-sections -fdata-sections -Wall -fstack-usage -MMD -MP -MF"Drivers/STM32H7xx_HAL_Driver/stm32h7xx_hal_pwr_ex.d" -MT"Drivers/STM32H7xx_HAL_Driver/stm32h7xx_hal_pwr_ex.o" --specs=nano.specs -mfpu=fpv5-d16 -mfloat-abi=hard -mthumb -o "Drivers/STM32H7xx_HAL_Driver/stm32h7xx_hal_pwr_ex.o"
arm-none-eabi-gcc "C:/Ad_Docs/embedded_sys/multicore/5_HSEM_OpenAMP/Drivers/STM32H7xx_HAL_Driver/Src/stm32h7xx_hal_rcc.c" -mcpu=cortex-m7 -std=gnu11 -g3 -DDEBUG -DCORE_CM7 -DUSE_HAL_DRIVER -DSTM32H755xx -DMETAL_INTERNAL -DMETAL_MAX_DEVICE_REGIONS=2 -DRPMSG_BUFFER_SIZE=512 -DVIRTIO_MASTER_ONLY -DNO_ATOMIC_64_SUPPORT -c -I../OPENAMP -I../Core/Inc -I../../Middlewares/Third_Party/OpenAMP/open-amp/lib/include -I../../Middlewares/Third_Party/OpenAMP/libmetal/lib/include -I../../Middlewares/Third_Party/OpenAMP/libmetal/lib/include/metal/compiler/mdk-arm -I../../Middlewares/Third_Party/OpenAMP/open-amp/lib/rpmsg -I../../Drivers/STM32H7xx_HAL_Driver/Inc -I../../Drivers/STM32H7xx_HAL_Driver/Inc/Legacy -I../../Drivers/CMSIS/Device/ST/STM32H7xx/Include -I../../Drivers/CMSIS/Include -O0 -ffunction-sections -fdata-sections -Wall -fstack-usage -MMD -MP -MF"Drivers/STM32H7xx_HAL_Driver/stm32h7xx_hal_rcc.d" -MT"Drivers/STM32H7xx_HAL_Driver/stm32h7xx_hal_rcc.o" --specs=nano.specs -mfpu=fpv5-d16 -mfloat-abi=hard -mthumb -o "Drivers/STM32H7xx_HAL_Driver/stm32h7xx_hal_rcc.o"
arm-none-eabi-gcc "C:/Ad_Docs/embedded_sys/multicore/5_HSEM_OpenAMP/Drivers/STM32H7xx_HAL_Driver/Src/stm32h7xx_hal_rcc_ex.c" -mcpu=cortex-m7 -std=gnu11 -g3 -DDEBUG -DCORE_CM7 -DUSE_HAL_DRIVER -DSTM32H755xx -DMETAL_INTERNAL -DMETAL_MAX_DEVICE_REGIONS=2 -DRPMSG_BUFFER_SIZE=512 -DVIRTIO_MASTER_ONLY -DNO_ATOMIC_64_SUPPORT -c -I../OPENAMP -I../Core/Inc -I../../Middlewares/Third_Party/OpenAMP/open-amp/lib/include -I../../Middlewares/Third_Party/OpenAMP/libmetal/lib/include -I../../Middlewares/Third_Party/OpenAMP/libmetal/lib/include/metal/compiler/mdk-arm -I../../Middlewares/Third_Party/OpenAMP/open-amp/lib/rpmsg -I../../Drivers/STM32H7xx_HAL_Driver/Inc -I../../Drivers/STM32H7xx_HAL_Driver/Inc/Legacy -I../../Drivers/CMSIS/Device/ST/STM32H7xx/Include -I../../Drivers/CMSIS/Include -O0 -ffunction-sections -fdata-sections -Wall -fstack-usage -MMD -MP -MF"Drivers/STM32H7xx_HAL_Driver/stm32h7xx_hal_rcc_ex.d" -MT"Drivers/STM32H7xx_HAL_Driver/stm32h7xx_hal_rcc_ex.o" --specs=nano.specs -mfpu=fpv5-d16 -mfloat-abi=hard -mthumb -o "Drivers/STM32H7xx_HAL_Driver/stm32h7xx_hal_rcc_ex.o"
arm-none-eabi-gcc "C:/Ad_Docs/embedded_sys/multicore/5_HSEM_OpenAMP/Drivers/STM32H7xx_HAL_Driver/Src/stm32h7xx_hal_tim.c" -mcpu=cortex-m7 -std=gnu11 -g3 -DDEBUG -DCORE_CM7 -DUSE_HAL_DRIVER -DSTM32H755xx -DMETAL_INTERNAL -DMETAL_MAX_DEVICE_REGIONS=2 -DRPMSG_BUFFER_SIZE=512 -DVIRTIO_MASTER_ONLY -DNO_ATOMIC_64_SUPPORT -c -I../OPENAMP -I../Core/Inc -I../../Middlewares/Third_Party/OpenAMP/open-amp/lib/include -I../../Middlewares/Third_Party/OpenAMP/libmetal/lib/include -I../../Middlewares/Third_Party/OpenAMP/libmetal/lib/include/metal/compiler/mdk-arm -I../../Middlewares/Third_Party/OpenAMP/open-amp/lib/rpmsg -I../../Drivers/STM32H7xx_HAL_Driver/Inc -I../../Drivers/STM32H7xx_HAL_Driver/Inc/Legacy -I../../Drivers/CMSIS/Device/ST/STM32H7xx/Include -I../../Drivers/CMSIS/Include -O0 -ffunction-sections -fdata-sections -Wall -fstack-usage -MMD -MP -MF"Drivers/STM32H7xx_HAL_Driver/stm32h7xx_hal_tim.d" -MT"Drivers/STM32H7xx_HAL_Driver/stm32h7xx_hal_tim.o" --specs=nano.specs -mfpu=fpv5-d16 -mfloat-abi=hard -mthumb -o "Drivers/STM32H7xx_HAL_Driver/stm32h7xx_hal_tim.o"
arm-none-eabi-gcc "C:/Ad_Docs/embedded_sys/multicore/5_HSEM_OpenAMP/Drivers/STM32H7xx_HAL_Driver/Src/stm32h7xx_hal_tim_ex.c" -mcpu=cortex-m7 -std=gnu11 -g3 -DDEBUG -DCORE_CM7 -DUSE_HAL_DRIVER -DSTM32H755xx -DMETAL_INTERNAL -DMETAL_MAX_DEVICE_REGIONS=2 -DRPMSG_BUFFER_SIZE=512 -DVIRTIO_MASTER_ONLY -DNO_ATOMIC_64_SUPPORT -c -I../OPENAMP -I../Core/Inc -I../../Middlewares/Third_Party/OpenAMP/open-amp/lib/include -I../../Middlewares/Third_Party/OpenAMP/libmetal/lib/include -I../../Middlewares/Third_Party/OpenAMP/libmetal/lib/include/metal/compiler/mdk-arm -I../../Middlewares/Third_Party/OpenAMP/open-amp/lib/rpmsg -I../../Drivers/STM32H7xx_HAL_Driver/Inc -I../../Drivers/STM32H7xx_HAL_Driver/Inc/Legacy -I../../Drivers/CMSIS/Device/ST/STM32H7xx/Include -I../../Drivers/CMSIS/Include -O0 -ffunction-sections -fdata-sections -Wall -fstack-usage -MMD -MP -MF"Drivers/STM32H7xx_HAL_Driver/stm32h7xx_hal_tim_ex.d" -MT"Drivers/STM32H7xx_HAL_Driver/stm32h7xx_hal_tim_ex.o" --specs=nano.specs -mfpu=fpv5-d16 -mfloat-abi=hard -mthumb -o "Drivers/STM32H7xx_HAL_Driver/stm32h7xx_hal_tim_ex.o"
arm-none-eabi-gcc -mcpu=cortex-m7 -g3 -DDEBUG -c -x assembler-with-cpp -MMD -MP -MF"Core/Startup/startup_stm32h755zitx.d" -MT"Core/Startup/startup_stm32h755zitx.o" --specs=nano.specs -mfpu=fpv5-d16 -mfloat-abi=hard -mthumb -o "Core/Startup/startup_stm32h755zitx.o" "../Core/Startup/startup_stm32h755zitx.s"
arm-none-eabi-gcc "../Core/Src/main.c" -mcpu=cortex-m7 -std=gnu11 -g3 -DDEBUG -DCORE_CM7 -DUSE_HAL_DRIVER -DSTM32H755xx -DMETAL_INTERNAL -DMETAL_MAX_DEVICE_REGIONS=2 -DRPMSG_BUFFER_SIZE=512 -DVIRTIO_MASTER_ONLY -DNO_ATOMIC_64_SUPPORT -c -I../OPENAMP -I../Core/Inc -I../../Middlewares/Third_Party/OpenAMP/open-amp/lib/include -I../../Middlewares/Third_Party/OpenAMP/libmetal/lib/include -I../../Middlewares/Third_Party/OpenAMP/libmetal/lib/include/metal/compiler/mdk-arm -I../../Middlewares/Third_Party/OpenAMP/open-amp/lib/rpmsg -I../../Drivers/STM32H7xx_HAL_Driver/Inc -I../../Drivers/STM32H7xx_HAL_Driver/Inc/Legacy -I../../Drivers/CMSIS/Device/ST/STM32H7xx/Include -I../../Drivers/CMSIS/Include -O0 -ffunction-sections -fdata-sections -Wall -fstack-usage -MMD -MP -MF"Core/Src/main.d" -MT"Core/Src/main.o" --specs=nano.specs -mfpu=fpv5-d16 -mfloat-abi=hard -mthumb -o "Core/Src/main.o"
arm-none-eabi-gcc "../Core/Src/stm32h7xx_hal_msp.c" -mcpu=cortex-m7 -std=gnu11 -g3 -DDEBUG -DCORE_CM7 -DUSE_HAL_DRIVER -DSTM32H755xx -DMETAL_INTERNAL -DMETAL_MAX_DEVICE_REGIONS=2 -DRPMSG_BUFFER_SIZE=512 -DVIRTIO_MASTER_ONLY -DNO_ATOMIC_64_SUPPORT -c -I../OPENAMP -I../Core/Inc -I../../Middlewares/Third_Party/OpenAMP/open-amp/lib/include -I../../Middlewares/Third_Party/OpenAMP/libmetal/lib/include -I../../Middlewares/Third_Party/OpenAMP/libmetal/lib/include/metal/compiler/mdk-arm -I../../Middlewares/Third_Party/OpenAMP/open-amp/lib/rpmsg -I../../Drivers/STM32H7xx_HAL_Driver/Inc -I../../Drivers/STM32H7xx_HAL_Driver/Inc/Legacy -I../../Drivers/CMSIS/Device/ST/STM32H7xx/Include -I../../Drivers/CMSIS/Include -O0 -ffunction-sections -fdata-sections -Wall -fstack-usage -MMD -MP -MF"Core/Src/stm32h7xx_hal_msp.d" -MT"Core/Src/stm32h7xx_hal_msp.o" --specs=nano.specs -mfpu=fpv5-d16 -mfloat-abi=hard -mthumb -o "Core/Src/stm32h7xx_hal_msp.o"
arm-none-eabi-gcc "../Core/Src/stm32h7xx_it.c" -mcpu=cortex-m7 -std=gnu11 -g3 -DDEBUG -DCORE_CM7 -DUSE_HAL_DRIVER -DSTM32H755xx -DMETAL_INTERNAL -DMETAL_MAX_DEVICE_REGIONS=2 -DRPMSG_BUFFER_SIZE=512 -DVIRTIO_MASTER_ONLY -DNO_ATOMIC_64_SUPPORT -c -I../OPENAMP -I../Core/Inc -I../../Middlewares/Third_Party/OpenAMP/open-amp/lib/include -I../../Middlewares/Third_Party/OpenAMP/libmetal/lib/include -I../../Middlewares/Third_Party/OpenAMP/libmetal/lib/include/metal/compiler/mdk-arm -I../../Middlewares/Third_Party/OpenAMP/open-amp/lib/rpmsg -I../../Drivers/STM32H7xx_HAL_Driver/Inc -I../../Drivers/STM32H7xx_HAL_Driver/Inc/Legacy -I../../Drivers/CMSIS/Device/ST/STM32H7xx/Include -I../../Drivers/CMSIS/Include -O0 -ffunction-sections -fdata-sections -Wall -fstack-usage -MMD -MP -MF"Core/Src/stm32h7xx_it.d" -MT"Core/Src/stm32h7xx_it.o" --specs=nano.specs -mfpu=fpv5-d16 -mfloat-abi=hard -mthumb -o "Core/Src/stm32h7xx_it.o"
arm-none-eabi-gcc "../Core/Src/syscalls.c" -mcpu=cortex-m7 -std=gnu11 -g3 -DDEBUG -DCORE_CM7 -DUSE_HAL_DRIVER -DSTM32H755xx -DMETAL_INTERNAL -DMETAL_MAX_DEVICE_REGIONS=2 -DRPMSG_BUFFER_SIZE=512 -DVIRTIO_MASTER_ONLY -DNO_ATOMIC_64_SUPPORT -c -I../OPENAMP -I../Core/Inc -I../../Middlewares/Third_Party/OpenAMP/open-amp/lib/include -I../../Middlewares/Third_Party/OpenAMP/libmetal/lib/include -I../../Middlewares/Third_Party/OpenAMP/libmetal/lib/include/metal/compiler/mdk-arm -I../../Middlewares/Third_Party/OpenAMP/open-amp/lib/rpmsg -I../../Drivers/STM32H7xx_HAL_Driver/Inc -I../../Drivers/STM32H7xx_HAL_Driver/Inc/Legacy -I../../Drivers/CMSIS/Device/ST/STM32H7xx/Include -I../../Drivers/CMSIS/Include -O0 -ffunction-sections -fdata-sections -Wall -fstack-usage -MMD -MP -MF"Core/Src/syscalls.d" -MT"Core/Src/syscalls.o" --specs=nano.specs -mfpu=fpv5-d16 -mfloat-abi=hard -mthumb -o "Core/Src/syscalls.o"
arm-none-eabi-gcc "../Core/Src/sysmem.c" -mcpu=cortex-m7 -std=gnu11 -g3 -DDEBUG -DCORE_CM7 -DUSE_HAL_DRIVER -DSTM32H755xx -DMETAL_INTERNAL -DMETAL_MAX_DEVICE_REGIONS=2 -DRPMSG_BUFFER_SIZE=512 -DVIRTIO_MASTER_ONLY -DNO_ATOMIC_64_SUPPORT -c -I../OPENAMP -I../Core/Inc -I../../Middlewares/Third_Party/OpenAMP/open-amp/lib/include -I../../Middlewares/Third_Party/OpenAMP/libmetal/lib/include -I../../Middlewares/Third_Party/OpenAMP/libmetal/lib/include/metal/compiler/mdk-arm -I../../Middlewares/Third_Party/OpenAMP/open-amp/lib/rpmsg -I../../Drivers/STM32H7xx_HAL_Driver/Inc -I../../Drivers/STM32H7xx_HAL_Driver/Inc/Legacy -I../../Drivers/CMSIS/Device/ST/STM32H7xx/Include -I../../Drivers/CMSIS/Include -O0 -ffunction-sections -fdata-sections -Wall -fstack-usage -MMD -MP -MF"Core/Src/sysmem.d" -MT"Core/Src/sysmem.o" --specs=nano.specs -mfpu=fpv5-d16 -mfloat-abi=hard -mthumb -o "Core/Src/sysmem.o"
arm-none-eabi-gcc "C:/Ad_Docs/embedded_sys/multicore/5_HSEM_OpenAMP/Common/Src/system_stm32h7xx_dualcore_boot_cm4_cm7.c" -mcpu=cortex-m7 -std=gnu11 -g3 -DDEBUG -DCORE_CM7 -DUSE_HAL_DRIVER -DSTM32H755xx -DMETAL_INTERNAL -DMETAL_MAX_DEVICE_REGIONS=2 -DRPMSG_BUFFER_SIZE=512 -DVIRTIO_MASTER_ONLY -DNO_ATOMIC_64_SUPPORT -c -I../OPENAMP -I../Core/Inc -I../../Middlewares/Third_Party/OpenAMP/open-amp/lib/include -I../../Middlewares/Third_Party/OpenAMP/libmetal/lib/include -I../../Middlewares/Third_Party/OpenAMP/libmetal/lib/include/metal/compiler/mdk-arm -I../../Middlewares/Third_Party/OpenAMP/open-amp/lib/rpmsg -I../../Drivers/STM32H7xx_HAL_Driver/Inc -I../../Drivers/STM32H7xx_HAL_Driver/Inc/Legacy -I../../Drivers/CMSIS/Device/ST/STM32H7xx/Include -I../../Drivers/CMSIS/Include -O0 -ffunction-sections -fdata-sections -Wall -fstack-usage -MMD -MP -MF"Common/Src/system_stm32h7xx_dualcore_boot_cm4_cm7.d" -MT"Common/Src/system_stm32h7xx_dualcore_boot_cm4_cm7.o" --specs=nano.specs -mfpu=fpv5-d16 -mfloat-abi=hard -mthumb -o "Common/Src/system_stm32h7xx_dualcore_boot_cm4_cm7.o"
arm-none-eabi-gcc -o "5_HSEM_OpenAMP_CM7.elf" @"objects.list"   -mcpu=cortex-m7 -T"C:\Ad_Docs\embedded_sys\multicore\5_HSEM_OpenAMP\CM7\STM32H755ZITX_FLASH.ld" --specs=nosys.specs -Wl,-Map="5_HSEM_OpenAMP_CM7.map" -Wl,--gc-sections -static --specs=nano.specs -mfpu=fpv5-d16 -mfloat-abi=hard -mthumb -Wl,--start-group -lc -lm -Wl,--end-group
Finished building target: 5_HSEM_OpenAMP_CM7.elf
 
arm-none-eabi-size   5_HSEM_OpenAMP_CM7.elf 
arm-none-eabi-objdump -h -S  5_HSEM_OpenAMP_CM7.elf  > "5_HSEM_OpenAMP_CM7.list"
arm-none-eabi-objcopy  -O binary  5_HSEM_OpenAMP_CM7.elf  "5_HSEM_OpenAMP_CM7.bin"
   text	   data	    bss	    dec	    hex	filename
   7340	     24	   1576	   8940	   22ec	5_HSEM_OpenAMP_CM7.elf
Finished building: default.size.stdout
 
Finished building: 5_HSEM_OpenAMP_CM7.bin
Finished building: 5_HSEM_OpenAMP_CM7.list
 
 

20:40:19 Build Finished. 0 errors, 1 warnings. (took 6s.10ms)

