22:08:49 **** Incremental Build of configuration Debug for project 2_HSEMCoreDev_CM7 ****
make -j12 all 
arm-none-eabi-size   2_HSEMCoreDev_CM7.elf 
   text	   data	    bss	    dec	    hex	filename
  19508	     24	   1712	  21244	   52fc	2_HSEMCoreDev_CM7.elf
Finished building: default.size.stdout
 
22:08:57 **** Incremental Build of configuration Debug for project 2_HSEMCoreDev_CM7 ****
make -j12 all 
arm-none-eabi-size   2_HSEMCoreDev_CM7.elf 
   text	   data	    bss	    dec	    hex	filename
  19508	     24	   1712	  21244	   52fc	2_HSEMCoreDev_CM7.elf
Finished building: default.size.stdout
 
22:08:57 **** Incremental Build of configuration Debug for project 2_HSEMCoreDev_CM4 ****
make -j12 all 
arm-none-eabi-size   2_HSEMCoreDev_CM4.elf 
   text	   data	    bss	    dec	    hex	filename
  16284	     36	   1716	  18036	   4674	2_HSEMCoreDev_CM4.elf
Finished building: default.size.stdout
 
