22:25:33 **** Incremental Build of configuration Debug for project 4_HSEMCoreDev_PeripheralManagement_CM7 ****
make -j12 all 
arm-none-eabi-gcc "../Core/Src/main.c" -mcpu=cortex-m7 -std=gnu11 -g3 -DDEBUG -DCORE_CM7 -DUSE_HAL_DRIVER -DSTM32H755xx -c -I../Core/Inc -I../../Drivers/STM32H7xx_HAL_Driver/Inc -I../../Drivers/STM32H7xx_HAL_Driver/Inc/Legacy -I../../Drivers/CMSIS/Device/ST/STM32H7xx/Include -I../../Drivers/CMSIS/Include -O0 -ffunction-sections -fdata-sections -Wall -fstack-usage -MMD -MP -MF"Core/Src/main.d" -MT"Core/Src/main.o" --specs=nano.specs -mfpu=fpv5-d16 -mfloat-abi=hard -mthumb -o "Core/Src/main.o"
arm-none-eabi-gcc -o "4_HSEMCoreDev_PeripheralManagement_CM7.elf" @"objects.list"   -mcpu=cortex-m7 -T"C:\Ad_Docs\embedded_sys\multicore\4_HSEMCoreDev_PeripheralManagement\CM7\STM32H755ZITX_FLASH.ld" --specs=nosys.specs -Wl,-Map="4_HSEMCoreDev_PeripheralManagement_CM7.map" -Wl,--gc-sections -static --specs=nano.specs -mfpu=fpv5-d16 -mfloat-abi=hard -mthumb -Wl,--start-group -lc -lm -Wl,--end-group
Finished building target: 4_HSEMCoreDev_PeripheralManagement_CM7.elf
 
arm-none-eabi-size   4_HSEMCoreDev_PeripheralManagement_CM7.elf 
arm-none-eabi-objdump -h -S  4_HSEMCoreDev_PeripheralManagement_CM7.elf  > "4_HSEMCoreDev_PeripheralManagement_CM7.list"
arm-none-eabi-objcopy  -O binary  4_HSEMCoreDev_PeripheralManagement_CM7.elf  "4_HSEMCoreDev_PeripheralManagement_CM7.bin"
   text	   data	    bss	    dec	    hex	filename
  19840	     32	   1712	  21584	   5450	4_HSEMCoreDev_PeripheralManagement_CM7.elf
Finished building: default.size.stdout
 
Finished building: 4_HSEMCoreDev_PeripheralManagement_CM7.bin
 
Finished building: 4_HSEMCoreDev_PeripheralManagement_CM7.list
 
22:25:50 **** Incremental Build of configuration Debug for project 4_HSEMCoreDev_PeripheralManagement_CM7 ****
make -j12 all 
arm-none-eabi-size   4_HSEMCoreDev_PeripheralManagement_CM7.elf 
   text	   data	    bss	    dec	    hex	filename
  19840	     32	   1712	  21584	   5450	4_HSEMCoreDev_PeripheralManagement_CM7.elf
Finished building: default.size.stdout
 
22:25:50 **** Incremental Build of configuration Debug for project 4_HSEMCoreDev_PeripheralManagement_CM4 ****
make -j12 all 
arm-none-eabi-size   4_HSEMCoreDev_PeripheralManagement_CM4.elf 
   text	   data	    bss	    dec	    hex	filename
  16356	     32	   1712	  18100	   46b4	4_HSEMCoreDev_PeripheralManagement_CM4.elf
Finished building: default.size.stdout
 
